// Jest Snapshot v1, https://goo.gl/fbAQLP

exports[`<LogoLink /> should match snapshot 1`] = `
.c0 {
  font-size: 2rem;
  color: #018762;
  font-weight: 700;
  -webkit-transition: all 0.2s ease 0s;
  transition: all 0.2s ease 0s;
  line-height: 44px;
}

.c0:hover {
  color: #48A58C;
}

<div>
  <a
    class="c0"
    href="/"
  >
    Logo
  </a>
</div>
`;
