// Jest Snapshot v1, https://goo.gl/fbAQLP

exports[`<Footer /> should match snapshot 1`] = `
.c4 {
  color: #1f1f1f;
  font-size: 1rem;
  font-weight: 700;
  -webkit-transition: all 0.2s ease 0s;
  transition: all 0.2s ease 0s;
  padding: 0 1.25rem;
  line-height: 22px;
}

.c4:hover {
  color: #5d5d5d;
}

.c4.active {
  color: #018762;
}

.c0 {
  max-width: 85.375rem;
  margin: 0 auto;
  padding: 0 4rem;
}

.c2 .c3 {
  opacity: 0.7;
}

.c2 .c3.active {
  color: #1f1f1f;
  opacity: 1;
}

.c5 {
  margin: 24px 0;
}

.c6 {
  padding: 0 1.25rem;
}

.c7 {
  font-size: 0.75rem;
  color: #515151;
}

.c1 {
  border-top: 1px solid #b0e0d3;
  padding-top: 2rem;
}

@media (max-width:768px) {
  .c4 {
    font-size: 14px;
    padding: 0 0.625rem;
  }
}

<div>
  <footer
    class=""
  >
    <div
      class="c0"
    >
      <div
        class="c1"
      >
        <div
          class="c2"
        >
          <a
            aria-current="page"
            class="c3 c4 active"
            href="/"
          >
            Home
          </a>
          <a
            class="c3 c4"
            href="/user-person"
          >
            Pessoa Usuária
          </a>
          <a
            class="c3 c4"
            href="/Profissional"
          >
            Profissional
          </a>
        </div>
        <div
          class="c5"
        >
          <a
            class="c6"
            href="https://www.instagram.com/lacrei.saude"
            target="_blank"
          >
            <img
              alt="Instagram"
              src="instagram.svg"
            />
          </a>
          <a
            class="c6"
            href="https://www.facebook.com/lacrei.saude"
            target="_blank"
          >
            <img
              alt="Facebook"
              src="facebook.svg"
            />
          </a>
          <a
            class="c6"
            href="https://www.linkedin.com/company/lacrei"
            target="_blank"
          >
            <img
              alt="Linkedin"
              src="linkedin.svg"
            />
          </a>
        </div>
        <p
          class="c7"
        >
          Desafio Front-end Lacrei
        </p>
      </div>
    </div>
  </footer>
</div>
`;
